3
application/json; profile=lean
a=1,b=2
true
true
length:42
chunked:true
true
true
[2001:db8::1]:8443
100-continue
MKCOL
true
404 Not Found
209 Zig OK
POST /submit?tag=lean&tag=zig HTTP/1.1|Host: example.com|Content-Type: application/json||
{"ok":true}
HTTP/1.1 201 Created|Server: lean-zig|Content-Type: text/plain; charset=utf-8||
created
5;sig="lean zig"|hello|
