alpha/beta.txt
beta.txt
txt
alpha
beta
alpha/beta.json
alpha/beta.txt.bak
missing
.profile
alpha/gamma/delta.log
alpha|gamma|delta.log
/tmp/rooted
true
true
archive.tar
gz
alpha/beta/archive.tar.xz
alpha/beta/archive.tar
alpha/beta/archive.tar.gz
alpha/beta/renamed.lean
/
missing
alpha/./beta/../gamma
true
false
true
/var/tmp
3
/bin|/usr/bin|.
/bin:/usr/bin:.
