https
/guides/./old/../lean%20zig
/guides/lean%20zig
guides,.,old,..,lean zig
q=stdlib+uri&tag=lean&tag=zig&preview
2

/guides/./old/../lean%20zig
q=stdlib+uri&tag=lean&tag=zig&preview
127.0.0.1
2001:db8::1
http://name%20space:p%40ss@127.0.0.1:8080/api/v1?x+y=1+2&debug#frag/value
name%20space:p%40ss@127.0.0.1:8080
frag/value
https:/local
https://[2001:db8::1]/v6
