https://example.com:443/a/./b/../c?tag=a&tag=b#frag%20ment
https://example.com:443/a/c?tag=a&tag=b#frag%20ment
a,.,b,..,c
tag=a&tag=b
uri-error:http://exa_mple.com/path
/api/search?tag=lean&tag=zig&flag
tag=lean&tag=zig&flag
2

authority:none
example.com:8080

0
missing
example.com:8080
https://proxy.example:8443/a?tag=http&flag=yes
tag=http&flag=yes
1
yes
proxy.example:8443
Alice:p%40ss@[2001:db8::1]:
userinfo:Alice:p@ss
Lean Zig
a+b

name=Lean+Zig&tag=Zig+++Lean
host:[2001:db8::2]:port:443
host:example.com:empty
host-error:bad_host:80
/alpha/%CE%B2/../gamma
alpha,β,..,gamma
