true
false
Lean.Compiler.LCNF
Lean.Compiler.LCNF.42
[anonymous]
2
13
11
2
true
false
39
Lean.Compiler.LCNF
Lean
4
Lean|Compiler|LCNF|42
true
false
true
Std.Compiler.LCNF.42
Lean.Compiler.Code.Gen
Lean.Compiler.LCNF_aux
Lean.Compiler.LCNF_7
Lean.Compiler.pre_LCNF
«a.b»
true
true
true
true
false
true
true
true
true
false
true
false
true
true
false
